.\venv\Scripts\python.exe 
: <frozen 
importlib._bootstrap>:491: 
Warning: Numpy built with 
MINGW-W64 on Windows 64 
bits is experimental, and 
only available for 
At line:1 char:1
+ 
.\venv\Scripts\python.exe 
-c "import cv2; print('cv2 
OK:', cv2.__vers ...
+ ~~~~~~~~~~~~~~~~~~~~~~~~~
~~~~~~~~~~~~~~~~~~~~~~~~~~~
~~~~~~~~~~~~~~~~~
    + CategoryInfo         
     : NotSpecified: (<fr  
  ozen importl... availa   
 ble for :String) [], R    
emoteException
    + FullyQualifiedErrorI 
   d : NativeCommandError
 
testing. You are advised 
not to use it for 
production. 

CRASHES ARE TO BE EXPECTED 
- PLEASE REPORT THEM TO 
NUMPY DEVELOPERS
